Error at %FILE_NAME%:1:15
Unexpected end of file:
  |  "hello ${a + b
                   ^