Error at %FILE_NAME%:2:7
Type mismatch
  |  arr[1:2.2]
           ^
Expected: Int
but instead found: Float
