Error at %FILE_NAME%:4:7
Type mismatch
  |  f.a = "abcd"
           ^
Expected: Int
but instead found: String
