Error at %FILE_NAME%:2:1
Unsupported indexing operation
  |  i[0]
     ^
Type 'Int' is not indexable
