Error at %FILE_NAME%:2:1
Unexpected token 'while', expected one of 'val', 'var', 'func', 'type', '@', 'export':
  |  while true { }
     ^