Error at %FILE_NAME%:1:8
Unexpected token 'while', expected one of 'val', 'var', 'func', 'type':
  |  export while true {}
            ^