Error at %FILE_NAME%:1:10
Unexpected token '=', expected '(':
  |  func abc = "abc"
              ^