Error at %FILE_NAME%:1:16
Unexpected token 'identifier', expected 'as':
  |  import "./abc" abc
                    ^