Error at %FILE_NAME%:1:7
Unexpected token 'int', expected ':':
  |  { abc 1 }
           ^