Error at %FILE_NAME%:1:40
Return type mismatch for lambda function
  |  val _: String[] = [1, 2, 3].map(x => x + 1)
                                            ^
Expected String
but instead found Int
