Error at %FILE_NAME%:1:14
Type mismatch
  |  { a: 123, b: "hello" }
                  ^
Expected: Int
but instead found: String
